------------------------------------------------------------
TimeQuest Timing Analyzer Summary
------------------------------------------------------------

Type  : Slow Model Setup 'top|my_system_ctrl|u_sdram_pll|altpll_component|pll|clk[0]'
Slack : -4.505
TNS   : -210.138

Type  : Slow Model Setup 'CMOS_PCLK'
Slack : -0.774
TNS   : -19.740

Type  : Slow Model Setup 'top|my_system_ctrl|u_sdram_pll|altpll_component|pll|clk[1]'
Slack : 3.434
TNS   : 0.000

Type  : Slow Model Setup 'CLOCK_50'
Slack : 15.638
TNS   : 0.000

Type  : Slow Model Hold 'CMOS_PCLK'
Slack : -2.093
TNS   : -9.642

Type  : Slow Model Hold 'CLOCK_50'
Slack : 0.391
TNS   : 0.000

Type  : Slow Model Hold 'top|my_system_ctrl|u_sdram_pll|altpll_component|pll|clk[0]'
Slack : 0.391
TNS   : 0.000

Type  : Slow Model Hold 'top|my_system_ctrl|u_sdram_pll|altpll_component|pll|clk[1]'
Slack : 0.391
TNS   : 0.000

Type  : Slow Model Recovery 'CMOS_PCLK'
Slack : 2.196
TNS   : 0.000

Type  : Slow Model Recovery 'top|my_system_ctrl|u_sdram_pll|altpll_component|pll|clk[1]'
Slack : 3.073
TNS   : 0.000

Type  : Slow Model Recovery 'top|my_system_ctrl|u_sdram_pll|altpll_component|pll|clk[0]'
Slack : 5.673
TNS   : 0.000

Type  : Slow Model Removal 'CMOS_PCLK'
Slack : -1.703
TNS   : -48.075

Type  : Slow Model Removal 'top|my_system_ctrl|u_sdram_pll|altpll_component|pll|clk[0]'
Slack : 1.442
TNS   : 0.000

Type  : Slow Model Removal 'top|my_system_ctrl|u_sdram_pll|altpll_component|pll|clk[1]'
Slack : 2.803
TNS   : 0.000

Type  : Slow Model Minimum Pulse Width 'CMOS_PCLK'
Slack : -1.222
TNS   : -34.222

Type  : Slow Model Minimum Pulse Width 'top|my_system_ctrl|u_sdram_pll|altpll_component|pll|clk[1]'
Slack : 2.873
TNS   : 0.000

Type  : Slow Model Minimum Pulse Width 'CLOCK_50'
Slack : 9.000
TNS   : 0.000

Type  : Slow Model Minimum Pulse Width 'top|my_system_ctrl|u_sdram_pll|altpll_component|pll|clk[0]'
Slack : 17.873
TNS   : 0.000

Type  : Fast Model Setup 'top|my_system_ctrl|u_sdram_pll|altpll_component|pll|clk[0]'
Slack : -1.855
TNS   : -88.244

Type  : Fast Model Setup 'CMOS_PCLK'
Slack : 0.090
TNS   : 0.000

Type  : Fast Model Setup 'top|my_system_ctrl|u_sdram_pll|altpll_component|pll|clk[1]'
Slack : 7.087
TNS   : 0.000

Type  : Fast Model Setup 'CLOCK_50'
Slack : 18.005
TNS   : 0.000

Type  : Fast Model Hold 'CMOS_PCLK'
Slack : -1.275
TNS   : -6.020

Type  : Fast Model Hold 'CLOCK_50'
Slack : 0.215
TNS   : 0.000

Type  : Fast Model Hold 'top|my_system_ctrl|u_sdram_pll|altpll_component|pll|clk[0]'
Slack : 0.215
TNS   : 0.000

Type  : Fast Model Hold 'top|my_system_ctrl|u_sdram_pll|altpll_component|pll|clk[1]'
Slack : 0.215
TNS   : 0.000

Type  : Fast Model Recovery 'CMOS_PCLK'
Slack : 1.773
TNS   : 0.000

Type  : Fast Model Recovery 'top|my_system_ctrl|u_sdram_pll|altpll_component|pll|clk[1]'
Slack : 4.095
TNS   : 0.000

Type  : Fast Model Recovery 'top|my_system_ctrl|u_sdram_pll|altpll_component|pll|clk[0]'
Slack : 7.806
TNS   : 0.000

Type  : Fast Model Removal 'CMOS_PCLK'
Slack : -1.011
TNS   : -29.859

Type  : Fast Model Removal 'top|my_system_ctrl|u_sdram_pll|altpll_component|pll|clk[0]'
Slack : 0.767
TNS   : 0.000

Type  : Fast Model Removal 'top|my_system_ctrl|u_sdram_pll|altpll_component|pll|clk[1]'
Slack : 1.383
TNS   : 0.000

Type  : Fast Model Minimum Pulse Width 'CMOS_PCLK'
Slack : -1.222
TNS   : -34.222

Type  : Fast Model Minimum Pulse Width 'top|my_system_ctrl|u_sdram_pll|altpll_component|pll|clk[1]'
Slack : 2.873
TNS   : 0.000

Type  : Fast Model Minimum Pulse Width 'CLOCK_50'
Slack : 9.000
TNS   : 0.000

Type  : Fast Model Minimum Pulse Width 'top|my_system_ctrl|u_sdram_pll|altpll_component|pll|clk[0]'
Slack : 17.873
TNS   : 0.000

------------------------------------------------------------
